{
  "id": "DAYCOUNT_001",
  "description": "Pro-rata interest with 30/360 convention",
  "motorVersion": "0.3.0",
  "input": {
    "principal": "100000.00",
    "annualRate": "0.12",
    "startDate": "2025-01-01",
    "endDate": "2025-02-01",
    "convention": "30/360"
  },
  "expected": {
    "interest": "986.30",
    "yearFraction": "0.082191780821917808",
    "days": 31,
    "convention": "30/360"
  },
  "tolerance": {
    "interest": 0.01
  }
}
