{
  "id": "DAYCOUNT_002",
  "description": "Pro-rata interest with ACT/365 convention",
  "motorVersion": "0.3.0",
  "input": {
    "principal": "100000.00",
    "annualRate": "0.12",
    "startDate": "2025-01-01",
    "endDate": "2025-02-01",
    "convention": "ACT/365"
  },
  "expected": {
    "interest": "1019.18",
    "yearFraction": "0.084931506849315068",
    "days": 31,
    "convention": "ACT/365"
  },
  "tolerance": {
    "interest": 0.01
  }
}
