{
  "id": "PRICE_003",
  "description": "PRICE - 36 meses",
  "motorVersion": "0.4.0",
  "input": {
    "pv": "100000.00",
    "annualRate": "0.10",
    "n": 36
  },
  "expected": {
    "pmt": "3226.72",
    "schedule": {
      "rows": 36,
      "lastPayment": {
        "period": 36,
        "balance": 0.0
      }
    }
  },
  "tolerance": {
    "pmt": 0.01,
    "balance": 0.01
  }
}
