{
  "id": "PRICE_001",
  "description": "PRICE b√°sico - 12 meses",
  "motorVersion": "0.4.0",
  "input": {
    "pv": "10000.00",
    "annualRate": "0.12",
    "n": 12
  },
  "expected": {
    "pmt": "888.49",
    "schedule": {
      "rows": 12,
      "firstPayment": {
        "period": 1,
        "pmt": "888.49",
        "interest": "100.00",
        "amortization": "788.49",
        "balance": "9211.51"
      },
      "lastPayment": {
        "period": 12,
        "balance": 0.0
      }
    }
  },
  "tolerance": {
    "pmt": 0.01,
    "balance": 0.01
  }
}
