{
  "test_id": "CETBASIC_005",
  "stage": "S3",
  "description": "CET básico — PV 8000.00, PMT 900.00, n=10, tarifas t0=['0.00']",
  "inputs": {
    "pv": "8000.00",
    "pmt": "900.00",
    "n": 10,
    "feesT0": ["0.00"],
    "baseAnnual": 12,
    "motorVersion": "0.1.0"
  },
  "expected": {
    "irrMonthly": 0.022009,
    "cetAnnual": 0.298546
  },
  "tolerance": 0.0001
}
