{
  "test_id": "CETBASIC_001",
  "stage": "S3",
  "description": "CET básico — PV 10000.00, PMT 946.56, n=12, tarifas t0=['85.00']",
  "inputs": {
    "pv": "10000.00",
    "pmt": "946.56",
    "n": 12,
    "feesT0": ["85.00"],
    "baseAnnual": 12,
    "motorVersion": "0.1.0"
  },
  "expected": {
    "irrMonthly": 0.021559,
    "cetAnnual": 0.291704
  },
  "tolerance": 0.0001
}
