{
  "test_id": "CETBASIC_003",
  "stage": "S3",
  "description": "CET básico — PV 20000.00, PMT 1000.00, n=24, tarifas t0=['120.00']",
  "inputs": {
    "pv": "20000.00",
    "pmt": "1000.00",
    "n": 24,
    "feesT0": ["120.00"],
    "baseAnnual": 12,
    "motorVersion": "0.1.0"
  },
  "expected": {
    "irrMonthly": 0.01565,
    "cetAnnual": 0.204839
  },
  "tolerance": 0.0001
}
