{
  "motorVersion": "0.5.0",
  "timestamp": "2025-10-25T00:00:00Z",
  "hash": "sha256-placeholder",
  "testCase": {
    "id": "CETSEGUROS_001",
    "description": "CET completo com seguros fixos",
    "inputs": {
      "pv": 10000,
      "i": 0.025,
      "n": 12,
      "tarifasT0": [85.0],
      "seguro": {
        "tipo": "fixo",
        "valor": 12.9
      }
    },
    "expectedOutputs": {
      "pmt": 946.56,
      "cetAnual": 34.89,
      "totalPago": 11513.52,
      "totalSeguro": 154.8
    },
    "tolerances": {
      "cetAnual": 0.03,
      "totalPago": 0.01
    }
  }
}
