{
  "test_id": "EQ_003",
  "stage": "S1",
  "description": "EQ_003",
  "inputs": {
    "rate_m": "0.018",
    "motorVersion": "0.1.0"
  },
  "expected": {
    "rate_a": 0.238721
  },
  "tolerance": 0.01
}
