{
  "test_id": "EQ_002",
  "stage": "S1",
  "description": "EQ_002",
  "inputs": {
    "rate_a": "0.3512",
    "motorVersion": "0.1.0"
  },
  "expected": {
    "rate_m": 0.0254
  },
  "tolerance": 0.01
}
