{
  "test_id": "JC_001",
  "stage": "S1",
  "description": "JC_001",
  "inputs": {
    "pv": "1000.00",
    "i_m": "0.015",
    "n": 12,
    "motorVersion": "0.1.0"
  },
  "expected": {
    "fv": 1195.62
  },
  "tolerance": 0.01
}
