{
  "test_id": "JC_003",
  "stage": "S1",
  "description": "JC_003",
  "inputs": {
    "fv": "15000.00",
    "i_m": "0.018",
    "n": 24,
    "motorVersion": "0.1.0"
  },
  "expected": {
    "pv": 9775.63
  },
  "tolerance": 0.01
}
