{
  "test_id": "JC_002",
  "stage": "S1",
  "description": "JC_002",
  "inputs": {
    "pv": "5000.00",
    "i_m": "0.02",
    "n": 6,
    "motorVersion": "0.1.0"
  },
  "expected": {
    "fv": 5630.81
  },
  "tolerance": 0.01
}
