{
  "test_id": "NPVIRR_003",
  "stage": "S3",
  "description": "IRR de fluxo padr√£o (24 parcelas)",
  "inputs": {
    "cashflows": [
      "20000.00",
      "-1000.00",
      "-1000.00",
      "-1000.00",
      "-1000.00",
      "-1000.00",
      "-1000.00",
      "-1000.00",
      "-1000.00",
      "-1000.00",
      "-1000.00",
      "-1000.00",
      "-1000.00",
      "-1000.00",
      "-1000.00",
      "-1000.00",
      "-1000.00",
      "-1000.00",
      "-1000.00",
      "-1000.00",
      "-1000.00",
      "-1000.00",
      "-1000.00",
      "-1000.00",
      "-1000.00"
    ],
    "baseAnnual": 12,
    "motorVersion": "0.1.0"
  },
  "expected": {
    "irrMonthly": 0.015131,
    "cetAnnual": 0.197469
  },
  "tolerance": 0.0001
}
