{
  "test_id": "NPVIRR_004",
  "stage": "S3",
  "description": "IRR de fluxo padr√£o (18 parcelas)",
  "inputs": {
    "cashflows": [
      "15000.00",
      "-850.00",
      "-850.00",
      "-850.00",
      "-850.00",
      "-850.00",
      "-850.00",
      "-850.00",
      "-850.00",
      "-850.00",
      "-850.00",
      "-850.00",
      "-850.00",
      "-850.00",
      "-850.00",
      "-850.00",
      "-850.00",
      "-850.00",
      "-850.00"
    ],
    "baseAnnual": 12,
    "motorVersion": "0.1.0"
  },
  "expected": {
    "irrMonthly": 0.002093,
    "cetAnnual": 0.025406
  },
  "tolerance": 0.0001
}
