{
  "test_id": "PRICE_001",
  "stage": "S2",
  "description": "R$ 10000.00, 12x, 2.00% a.m. â€” Price",
  "inputs": {
    "pv": "10000.00",
    "rateMonthly": "0.02",
    "n": 12,
    "date0": "2025-01-10",
    "date1": "2025-02-10",
    "daycount": "30360",
    "motorVersion": "0.1.0"
  },
  "expected": {
    "pmt": 945.6,
    "total_interest": 1347.2,
    "total_paid": 11347.2
  },
  "tolerance": 0.01
}
