{
  "test_id": "PRICE_002",
  "stage": "S2",
  "description": "R$ 5000.00, 6x, 3.00% a.m. â€” Price",
  "inputs": {
    "pv": "5000.00",
    "rateMonthly": "0.03",
    "n": 6,
    "date0": "2025-01-10",
    "date1": "2025-02-10",
    "daycount": "30360",
    "motorVersion": "0.1.0"
  },
  "expected": {
    "pmt": 922.99,
    "total_interest": 537.91,
    "total_paid": 5537.91
  },
  "tolerance": 0.01
}
