{
  "test_id": "PRICE_003",
  "stage": "S2",
  "description": "R$ 20000.00, 24x, 1.800% a.m. â€” Price",
  "inputs": {
    "pv": "20000.00",
    "rateMonthly": "0.018",
    "n": 24,
    "date0": "2025-01-10",
    "date1": "2025-02-10",
    "daycount": "30360",
    "motorVersion": "0.1.0"
  },
  "expected": {
    "pmt": 1033.62,
    "total_interest": 4806.76,
    "total_paid": 24806.76
  },
  "tolerance": 0.01
}
