{
  "test_id": "SAC_004",
  "stage": "S2",
  "description": "R$ 8000.00, 10x, 2.500% a.m. â€” SAC",
  "inputs": {
    "pv": "8000.00",
    "rateMonthly": "0.025",
    "n": 10,
    "date0": "2025-01-10",
    "date1": "2025-02-10",
    "daycount": "30360",
    "motorVersion": "0.1.0"
  },
  "expected": {
    "amort_constante": 800.0,
    "total_interest": 1100.0,
    "total_paid": 9100.0
  },
  "tolerance": 0.01
}
