{
  "test_id": "SER_003",
  "stage": "S1",
  "description": "SER_003",
  "inputs": {
    "pv": "8000.00",
    "i_m": "0.015",
    "n": 10,
    "kind": "post",
    "motorVersion": "0.1.0"
  },
  "expected": {
    "pmt": 747.47
  },
  "tolerance": 0.01
}
