{
  "test_id": "SER_001",
  "stage": "S1",
  "description": "SER_001",
  "inputs": {
    "pv": "10000.00",
    "i_m": "0.02",
    "n": 12,
    "kind": "post",
    "motorVersion": "0.1.0"
  },
  "expected": {
    "pmt": 745.6
  },
  "tolerance": 0.01
}
